<html>
<body>
<pre>
<h1>µVision Build Log</h1>
<h2>Project:</h2>
C:\Users\jdery3\MicroP-Lab02-master\Lab2_Project.uvproj
Project File Date:  10/18/2013

<h2>Output:</h2>
Rebuild target 'Target 1'
assembling startup_stm32f40xx.s...
compiling fputc_debug.c...
compiling system_stm32f4xx.c...
compiling adc.c...
compiling handleSysTick.c...
src\handleSysTick.c(33): warning:  #1-D: last line of file ends without a newline
compiling leds.c...
src\mode.h(15): warning:  #1-D: last line of file ends without a newline
compiling main.c...
src\mode.h(15): warning:  #1-D: last line of file ends without a newline
src\main.c(26): warning:  #1295-D: Deprecated declaration mainPreamble - give arg types
src\main.c(54): warning:  #111-D: statement is unreachable
compiling tempFilter.c...
compiling tempStatus.c...
compiling mode.c...
src\mode.h(15): warning:  #1-D: last line of file ends without a newline
compiling pulse.c...
compiling misc.c...
compiling stm32f4xx_adc.c...
compiling stm32f4xx_can.c...
compiling stm32f4xx_crc.c...
compiling stm32f4xx_cryp.c...
compiling stm32f4xx_cryp_aes.c...
compiling stm32f4xx_cryp_des.c...
compiling stm32f4xx_cryp_tdes.c...
compiling stm32f4xx_dac.c...
compiling stm32f4xx_dbgmcu.c...
compiling stm32f4xx_dcmi.c...
compiling stm32f4xx_dma.c...
compiling stm32f4xx_exti.c...
compiling stm32f4xx_flash.c...
compiling stm32f4xx_fsmc.c...
compiling stm32f4xx_gpio.c...
compiling stm32f4xx_hash.c...
compiling stm32f4xx_hash_md5.c...
compiling stm32f4xx_hash_sha1.c...
compiling stm32f4xx_i2c.c...
compiling stm32f4xx_iwdg.c...
compiling stm32f4xx_pwr.c...
compiling stm32f4xx_rcc.c...
compiling stm32f4xx_rng.c...
compiling stm32f4xx_rtc.c...
compiling stm32f4xx_sdio.c...
compiling stm32f4xx_spi.c...
compiling stm32f4xx_syscfg.c...
compiling stm32f4xx_tim.c...
compiling stm32f4xx_usart.c...
compiling stm32f4xx_wwdg.c...
linking...
Program Size: Code=6268 RO-data=504 RW-data=108 ZI-data=1756  
".\obj\Lab2_Project.axf" - 0 Error(s), 6 Warning(s).
Load "C:\\Users\\jdery3\\MicroP-Lab02-master\\obj\\Lab2_Project.axf" 
Erase Done.
Programming Done.
Verify OK.
Build target 'Target 1'
compiling adc.c...
linking...
Program Size: Code=6268 RO-data=504 RW-data=108 ZI-data=1756  
".\obj\Lab2_Project.axf" - 0 Error(s), 0 Warning(s).
Load "C:\\Users\\jdery3\\MicroP-Lab02-master\\obj\\Lab2_Project.axf" 
Erase Done.
Programming Done.
Verify OK.
Build target 'Target 1'
compiling adc.c...
linking...
Program Size: Code=6268 RO-data=504 RW-data=108 ZI-data=1756  
".\obj\Lab2_Project.axf" - 0 Error(s), 0 Warning(s).
Load "C:\\Users\\jdery3\\MicroP-Lab02-master\\obj\\Lab2_Project.axf" 
Erase Done.
Programming Done.
Verify OK.
Build target 'Target 1'
compiling adc.c...
linking...
Program Size: Code=6264 RO-data=504 RW-data=108 ZI-data=1756  
".\obj\Lab2_Project.axf" - 0 Error(s), 0 Warning(s).
Load "C:\\Users\\jdery3\\MicroP-Lab02-master\\obj\\Lab2_Project.axf" 
Erase Done.
Programming Done.
Verify OK.
Build target 'Target 1'
compiling adc.c...
linking...
Program Size: Code=6272 RO-data=504 RW-data=108 ZI-data=1756  
".\obj\Lab2_Project.axf" - 0 Error(s), 0 Warning(s).
Load "C:\\Users\\jdery3\\MicroP-Lab02-master\\obj\\Lab2_Project.axf" 
Erase Done.
Programming Done.
Verify OK.
Build target 'Target 1'
compiling adc.c...
linking...
Program Size: Code=6280 RO-data=504 RW-data=108 ZI-data=1756  
".\obj\Lab2_Project.axf" - 0 Error(s), 0 Warning(s).
Load "C:\\Users\\jdery3\\MicroP-Lab02-master\\obj\\Lab2_Project.axf" 
Erase Done.
Programming Done.
Verify OK.
Build target 'Target 1'
compiling adc.c...
linking...
Program Size: Code=6272 RO-data=504 RW-data=108 ZI-data=1756  
".\obj\Lab2_Project.axf" - 0 Error(s), 0 Warning(s).
Load "C:\\Users\\jdery3\\MicroP-Lab02-master\\obj\\Lab2_Project.axf" 
Erase Done.
Programming Done.
Verify OK.
Build target 'Target 1'
compiling adc.c...
linking...
Program Size: Code=6268 RO-data=504 RW-data=108 ZI-data=1756  
".\obj\Lab2_Project.axf" - 0 Error(s), 0 Warning(s).
Load "C:\\Users\\jdery3\\MicroP-Lab02-master\\obj\\Lab2_Project.axf" 
Erase Done.
Programming Done.
Verify OK.
Build target 'Target 1'
compiling adc.c...
linking...
Program Size: Code=6268 RO-data=504 RW-data=108 ZI-data=1756  
".\obj\Lab2_Project.axf" - 0 Error(s), 0 Warning(s).
Load "C:\\Users\\jdery3\\MicroP-Lab02-master\\obj\\Lab2_Project.axf" 
Erase Done.
Programming Done.
Verify OK.
Build target 'Target 1'
compiling adc.c...
linking...
Program Size: Code=6268 RO-data=504 RW-data=108 ZI-data=1756  
".\obj\Lab2_Project.axf" - 0 Error(s), 0 Warning(s).
Load "C:\\Users\\jdery3\\MicroP-Lab02-master\\obj\\Lab2_Project.axf" 
Erase Done.
Programming Done.
Verify OK.
Build target 'Target 1'
compiling adc.c...
linking...
Program Size: Code=6264 RO-data=504 RW-data=108 ZI-data=1756  
".\obj\Lab2_Project.axf" - 0 Error(s), 0 Warning(s).
Load "C:\\Users\\jdery3\\MicroP-Lab02-master\\obj\\Lab2_Project.axf" 
Erase Done.
Programming Done.
Verify OK.
